// Validating benchmarks:
//    * No exporters defined, results will not be persisted.

// ***** BenchmarkRunner: Start   *****
// ***** Found 8 benchmark(s) in total *****
// ***** Building 1 exe(s) in Parallel: Start   *****
Unable to find .sln or .csproj file. Will use current directory /home/runner/work/bielu.entityframework.extensions/bielu.entityframework.extensions to search for project file. If you don't use .sln file on purpose it should not be a problem.
// start dotnet  restore --nodeReuse:false /p:UseSharedCompilation=false /p:Deterministic=true /p:Optimize=true /p:ArtifactsPath="/home/runner/work/bielu.entityframework.extensions/bielu.entityframework.extensions/src/Bielu.EntityFramework.Extensions.Versioning.Benchmarks/bin/Release/net10.0/Bielu.EntityFramework.Extensions.Versioning.Benchmarks-Job-PSZTYW-1/" /p:OutDir="/home/runner/work/bielu.entityframework.extensions/bielu.entityframework.extensions/src/Bielu.EntityFramework.Extensions.Versioning.Benchmarks/bin/Release/net10.0/Bielu.EntityFramework.Extensions.Versioning.Benchmarks-Job-PSZTYW-1/bin/Release/net10.0/" /p:OutputPath="/home/runner/work/bielu.entityframework.extensions/bielu.entityframework.extensions/src/Bielu.EntityFramework.Extensions.Versioning.Benchmarks/bin/Release/net10.0/Bielu.EntityFramework.Extensions.Versioning.Benchmarks-Job-PSZTYW-1/bin/Release/net10.0/" /p:PublishDir="/home/runner/work/bielu.entityframework.extensions/bielu.entityframework.extensions/src/Bielu.EntityFramework.Extensions.Versioning.Benchmarks/bin/Release/net10.0/Bielu.EntityFramework.Extensions.Versioning.Benchmarks-Job-PSZTYW-1/publish/" in /home/runner/work/bielu.entityframework.extensions/bielu.entityframework.extensions/src/Bielu.EntityFramework.Extensions.Versioning.Benchmarks/bin/Release/net10.0/Bielu.EntityFramework.Extensions.Versioning.Benchmarks-Job-PSZTYW-1
// command took 1.36 sec and exited with 0
// start dotnet  build -c Release --no-restore --nodeReuse:false /p:UseSharedCompilation=false /p:Deterministic=true /p:Optimize=true /p:ArtifactsPath="/home/runner/work/bielu.entityframework.extensions/bielu.entityframework.extensions/src/Bielu.EntityFramework.Extensions.Versioning.Benchmarks/bin/Release/net10.0/Bielu.EntityFramework.Extensions.Versioning.Benchmarks-Job-PSZTYW-1/" /p:OutDir="/home/runner/work/bielu.entityframework.extensions/bielu.entityframework.extensions/src/Bielu.EntityFramework.Extensions.Versioning.Benchmarks/bin/Release/net10.0/Bielu.EntityFramework.Extensions.Versioning.Benchmarks-Job-PSZTYW-1/bin/Release/net10.0/" /p:OutputPath="/home/runner/work/bielu.entityframework.extensions/bielu.entityframework.extensions/src/Bielu.EntityFramework.Extensions.Versioning.Benchmarks/bin/Release/net10.0/Bielu.EntityFramework.Extensions.Versioning.Benchmarks-Job-PSZTYW-1/bin/Release/net10.0/" /p:PublishDir="/home/runner/work/bielu.entityframework.extensions/bielu.entityframework.extensions/src/Bielu.EntityFramework.Extensions.Versioning.Benchmarks/bin/Release/net10.0/Bielu.EntityFramework.Extensions.Versioning.Benchmarks-Job-PSZTYW-1/publish/" --output "/home/runner/work/bielu.entityframework.extensions/bielu.entityframework.extensions/src/Bielu.EntityFramework.Extensions.Versioning.Benchmarks/bin/Release/net10.0/Bielu.EntityFramework.Extensions.Versioning.Benchmarks-Job-PSZTYW-1/bin/Release/net10.0/" in /home/runner/work/bielu.entityframework.extensions/bielu.entityframework.extensions/src/Bielu.EntityFramework.Extensions.Versioning.Benchmarks/bin/Release/net10.0/Bielu.EntityFramework.Extensions.Versioning.Benchmarks-Job-PSZTYW-1
// command took 11.45 sec and exited with 0
// ***** Done, took 00:00:12 (12.86 sec)   *****
// Found 8 benchmarks:
//   VersionedVsNonVersionedBenchmark.'Plain: Add + SaveChanges': Job-PSZTYW(InvocationCount=1, IterationCount=5, RunStrategy=Throughput, UnrollFactor=1, WarmupCount=1) [AggregateCount=50, VersionsPerAggregate=1]
//   VersionedVsNonVersionedBenchmark.'Plain: Add + SaveChanges': .NET 10.0(Runtime=.NET 10.0, Toolchain=net10.0, IterationCount=1, LaunchCount=1, RunStrategy=ColdStart, UnrollFactor=1, WarmupCount=1) [AggregateCount=50, VersionsPerAggregate=1]
//   VersionedVsNonVersionedBenchmark.'Plain: Add + SaveChanges': Job-PSZTYW(InvocationCount=1, IterationCount=5, RunStrategy=Throughput, UnrollFactor=1, WarmupCount=1) [AggregateCount=50, VersionsPerAggregate=10]
//   VersionedVsNonVersionedBenchmark.'Plain: Add + SaveChanges': .NET 10.0(Runtime=.NET 10.0, Toolchain=net10.0, IterationCount=1, LaunchCount=1, RunStrategy=ColdStart, UnrollFactor=1, WarmupCount=1) [AggregateCount=50, VersionsPerAggregate=10]
//   VersionedVsNonVersionedBenchmark.'Plain: Add + SaveChanges': Job-PSZTYW(InvocationCount=1, IterationCount=5, RunStrategy=Throughput, UnrollFactor=1, WarmupCount=1) [AggregateCount=200, VersionsPerAggregate=1]
//   VersionedVsNonVersionedBenchmark.'Plain: Add + SaveChanges': .NET 10.0(Runtime=.NET 10.0, Toolchain=net10.0, IterationCount=1, LaunchCount=1, RunStrategy=ColdStart, UnrollFactor=1, WarmupCount=1) [AggregateCount=200, VersionsPerAggregate=1]
//   VersionedVsNonVersionedBenchmark.'Plain: Add + SaveChanges': Job-PSZTYW(InvocationCount=1, IterationCount=5, RunStrategy=Throughput, UnrollFactor=1, WarmupCount=1) [AggregateCount=200, VersionsPerAggregate=10]
//   VersionedVsNonVersionedBenchmark.'Plain: Add + SaveChanges': .NET 10.0(Runtime=.NET 10.0, Toolchain=net10.0, IterationCount=1, LaunchCount=1, RunStrategy=ColdStart, UnrollFactor=1, WarmupCount=1) [AggregateCount=200, VersionsPerAggregate=10]

// **************************
// Benchmark: VersionedVsNonVersionedBenchmark.'Plain: Add + SaveChanges': Job-PSZTYW(InvocationCount=1, IterationCount=5, RunStrategy=Throughput, UnrollFactor=1, WarmupCount=1) [AggregateCount=50, VersionsPerAggregate=1]
// *** Execute ***
// Launch: 1 / 1
// Execute: dotnet Bielu.EntityFramework.Extensions.Versioning.Benchmarks-Job-PSZTYW-1.dll --anonymousPipes 155 156 --benchmarkName "Bielu.EntityFramework.Extensions.Versioning.Benchmarks.VersionedVsNonVersionedBenchmark.Insert_Plain(AggregateCount: 50, VersionsPerAggregate: 1)" --job "InvocationCount=1, IterationCount=5, RunStrategy=Throughput, UnrollFactor=1, WarmupCount=1" --benchmarkId 0 in /home/runner/work/bielu.entityframework.extensions/bielu.entityframework.extensions/src/Bielu.EntityFramework.Extensions.Versioning.Benchmarks/bin/Release/net10.0/Bielu.EntityFramework.Extensions.Versioning.Benchmarks-Job-PSZTYW-1/bin/Release/net10.0
// Failed to set up high priority (Permission denied). In order to run benchmarks with high priority, make sure you have the right permissions.
// BeforeAnythingElse

// Benchmark Process Environment Information:
// BenchmarkDotNet v0.15.8
// Runtime=.NET 10.0.5 (10.0.5, 10.0.526.15411), X64 RyuJIT x86-64-v4
// GC=Concurrent Workstation
// HardwareIntrinsics=AVX512 BITALG+VBMI2+VNNI+VPOPCNTDQ,AVX512 IFMA+VBMI,AVX512 F+BW+CD+DQ+VL,AVX2+BMI1+BMI2+F16C+FMA+LZCNT+MOVBE,AVX,SSE3+SSSE3+SSE4.1+SSE4.2+POPCNT,X86Base+SSE+SSE2,AES+PCLMUL VectorSize=256
// Job: Job-PSZTYW(InvocationCount=1, IterationCount=5, RunStrategy=Throughput, UnrollFactor=1, WarmupCount=1)

OverheadJitting  1: 1 op, 144387.00 ns, 144.3870 us/op
WorkloadJitting  1: 1 op, 89440897.00 ns, 89.4409 ms/op

OverheadWarmup   1: 1 op, 321.00 ns, 321.0000 ns/op
OverheadWarmup   2: 1 op, 421.00 ns, 421.0000 ns/op
OverheadWarmup   3: 1 op, 190.00 ns, 190.0000 ns/op
OverheadWarmup   4: 1 op, 170.00 ns, 170.0000 ns/op
OverheadWarmup   5: 1 op, 181.00 ns, 181.0000 ns/op
OverheadWarmup   6: 1 op, 171.00 ns, 171.0000 ns/op

OverheadActual   1: 1 op, 201.00 ns, 201.0000 ns/op
OverheadActual   2: 1 op, 300.00 ns, 300.0000 ns/op
OverheadActual   3: 1 op, 180.00 ns, 180.0000 ns/op
OverheadActual   4: 1 op, 191.00 ns, 191.0000 ns/op
OverheadActual   5: 1 op, 180.00 ns, 180.0000 ns/op
OverheadActual   6: 1 op, 180.00 ns, 180.0000 ns/op
OverheadActual   7: 1 op, 190.00 ns, 190.0000 ns/op
OverheadActual   8: 1 op, 170.00 ns, 170.0000 ns/op
OverheadActual   9: 1 op, 180.00 ns, 180.0000 ns/op
OverheadActual  10: 1 op, 180.00 ns, 180.0000 ns/op
OverheadActual  11: 1 op, 180.00 ns, 180.0000 ns/op
OverheadActual  12: 1 op, 170.00 ns, 170.0000 ns/op
OverheadActual  13: 1 op, 190.00 ns, 190.0000 ns/op
OverheadActual  14: 1 op, 171.00 ns, 171.0000 ns/op
OverheadActual  15: 1 op, 170.00 ns, 170.0000 ns/op
OverheadActual  16: 1 op, 171.00 ns, 171.0000 ns/op
OverheadActual  17: 1 op, 380.00 ns, 380.0000 ns/op
OverheadActual  18: 1 op, 180.00 ns, 180.0000 ns/op
OverheadActual  19: 1 op, 160.00 ns, 160.0000 ns/op
OverheadActual  20: 1 op, 170.00 ns, 170.0000 ns/op

WorkloadWarmup   1: 1 op, 8205738.00 ns, 8.2057 ms/op

// BeforeActualRun
WorkloadActual   1: 1 op, 7818918.00 ns, 7.8189 ms/op
WorkloadActual   2: 1 op, 7180450.00 ns, 7.1805 ms/op
WorkloadActual   3: 1 op, 7846249.00 ns, 7.8462 ms/op
WorkloadActual   4: 1 op, 7820730.00 ns, 7.8207 ms/op
WorkloadActual   5: 1 op, 7896985.00 ns, 7.8970 ms/op

// AfterActualRun
WorkloadResult   1: 1 op, 7818738.00 ns, 7.8187 ms/op
WorkloadResult   2: 1 op, 7180270.00 ns, 7.1803 ms/op
WorkloadResult   3: 1 op, 7846069.00 ns, 7.8461 ms/op
WorkloadResult   4: 1 op, 7820550.00 ns, 7.8206 ms/op
// GC:  0 0 0 827720 1
// Threading:  0 0 1

// AfterAll
// Benchmark Process 4505 has exited with code 0.

Mean = 7.666 ms, StdErr = 0.162 ms (2.12%), N = 4, StdDev = 0.324 ms
Min = 7.180 ms, Q1 = 7.659 ms, Median = 7.820 ms, Q3 = 7.827 ms, Max = 7.846 ms
IQR = 0.168 ms, LowerFence = 7.407 ms, UpperFence = 8.079 ms
ConfidenceInterval = [5.571 ms; 9.762 ms] (CI 99.9%), Margin = 2.096 ms (27.34% of Mean)
Skewness = -0.75, Kurtosis = 1.31, MValue = 2

// ** Remained 7 (87.5 %) benchmark(s) to run. Estimated finish 2026-04-19 10:40 (0h 0m from now) **
// **************************
// Benchmark: VersionedVsNonVersionedBenchmark.'Plain: Add + SaveChanges': .NET 10.0(Runtime=.NET 10.0, Toolchain=net10.0, IterationCount=1, LaunchCount=1, RunStrategy=ColdStart, UnrollFactor=1, WarmupCount=1) [AggregateCount=50, VersionsPerAggregate=1]
// *** Execute ***
// Launch: 1 / 1
// Execute: dotnet Bielu.EntityFramework.Extensions.Versioning.Benchmarks-Job-PSZTYW-1.dll --anonymousPipes 155 156 --benchmarkName "Bielu.EntityFramework.Extensions.Versioning.Benchmarks.VersionedVsNonVersionedBenchmark.Insert_Plain(AggregateCount: 50, VersionsPerAggregate: 1)" --job ".NET 10.0" --benchmarkId 1 in /home/runner/work/bielu.entityframework.extensions/bielu.entityframework.extensions/src/Bielu.EntityFramework.Extensions.Versioning.Benchmarks/bin/Release/net10.0/Bielu.EntityFramework.Extensions.Versioning.Benchmarks-Job-PSZTYW-1/bin/Release/net10.0
// Failed to set up high priority (Permission denied). In order to run benchmarks with high priority, make sure you have the right permissions.
// BeforeAnythingElse

// Benchmark Process Environment Information:
// BenchmarkDotNet v0.15.8
// Runtime=.NET 10.0.5 (10.0.5, 10.0.526.15411), X64 RyuJIT x86-64-v4
// GC=Concurrent Workstation
// HardwareIntrinsics=AVX512 BITALG+VBMI2+VNNI+VPOPCNTDQ,AVX512 IFMA+VBMI,AVX512 F+BW+CD+DQ+VL,AVX2+BMI1+BMI2+F16C+FMA+LZCNT+MOVBE,AVX,SSE3+SSSE3+SSE4.1+SSE4.2+POPCNT,X86Base+SSE+SSE2,AES+PCLMUL VectorSize=256
// Job: .NET 10.0(IterationCount=1, LaunchCount=1, RunStrategy=ColdStart, UnrollFactor=1, WarmupCount=1)

// BeforeActualRun
WorkloadActual   1: 1 op, 90117401.00 ns, 90.1174 ms/op

// AfterActualRun
WorkloadResult   1: 1 op, 90117401.00 ns, 90.1174 ms/op
// GC:  0 0 0 827744 1
// Threading:  0 0 1

// AfterAll
// Benchmark Process 4519 has exited with code 0.

Mean = 90.117 ms, StdErr = 0.000 ms (0.00%), N = 1, StdDev = 0.000 ms
Min = 90.117 ms, Q1 = 90.117 ms, Median = 90.117 ms, Q3 = 90.117 ms, Max = 90.117 ms
IQR = 0.000 ms, LowerFence = 90.117 ms, UpperFence = 90.117 ms
ConfidenceInterval = [NaN ms; NaN ms] (CI 99.9%), Margin = NaN ms (NaN% of Mean)
Skewness = NaN, Kurtosis = NaN, MValue = 2

// ** Remained 6 (75.0 %) benchmark(s) to run. Estimated finish 2026-04-19 10:40 (0h 0m from now) **
// **************************
// Benchmark: VersionedVsNonVersionedBenchmark.'Plain: Add + SaveChanges': Job-PSZTYW(InvocationCount=1, IterationCount=5, RunStrategy=Throughput, UnrollFactor=1, WarmupCount=1) [AggregateCount=50, VersionsPerAggregate=10]
// *** Execute ***
// Launch: 1 / 1
// Execute: dotnet Bielu.EntityFramework.Extensions.Versioning.Benchmarks-Job-PSZTYW-1.dll --anonymousPipes 155 156 --benchmarkName "Bielu.EntityFramework.Extensions.Versioning.Benchmarks.VersionedVsNonVersionedBenchmark.Insert_Plain(AggregateCount: 50, VersionsPerAggregate: 10)" --job "InvocationCount=1, IterationCount=5, RunStrategy=Throughput, UnrollFactor=1, WarmupCount=1" --benchmarkId 2 in /home/runner/work/bielu.entityframework.extensions/bielu.entityframework.extensions/src/Bielu.EntityFramework.Extensions.Versioning.Benchmarks/bin/Release/net10.0/Bielu.EntityFramework.Extensions.Versioning.Benchmarks-Job-PSZTYW-1/bin/Release/net10.0
// Failed to set up high priority (Permission denied). In order to run benchmarks with high priority, make sure you have the right permissions.
// BeforeAnythingElse

// Benchmark Process Environment Information:
// BenchmarkDotNet v0.15.8
// Runtime=.NET 10.0.5 (10.0.5, 10.0.526.15411), X64 RyuJIT x86-64-v4
// GC=Concurrent Workstation
// HardwareIntrinsics=AVX512 BITALG+VBMI2+VNNI+VPOPCNTDQ,AVX512 IFMA+VBMI,AVX512 F+BW+CD+DQ+VL,AVX2+BMI1+BMI2+F16C+FMA+LZCNT+MOVBE,AVX,SSE3+SSSE3+SSE4.1+SSE4.2+POPCNT,X86Base+SSE+SSE2,AES+PCLMUL VectorSize=256
// Job: Job-PSZTYW(InvocationCount=1, IterationCount=5, RunStrategy=Throughput, UnrollFactor=1, WarmupCount=1)

OverheadJitting  1: 1 op, 137216.00 ns, 137.2160 us/op
WorkloadJitting  1: 1 op, 89615493.00 ns, 89.6155 ms/op

OverheadWarmup   1: 1 op, 300.00 ns, 300.0000 ns/op
OverheadWarmup   2: 1 op, 180.00 ns, 180.0000 ns/op
OverheadWarmup   3: 1 op, 170.00 ns, 170.0000 ns/op
OverheadWarmup   4: 1 op, 181.00 ns, 181.0000 ns/op
OverheadWarmup   5: 1 op, 181.00 ns, 181.0000 ns/op
OverheadWarmup   6: 1 op, 180.00 ns, 180.0000 ns/op
OverheadWarmup   7: 1 op, 180.00 ns, 180.0000 ns/op

OverheadActual   1: 1 op, 240.00 ns, 240.0000 ns/op
OverheadActual   2: 1 op, 190.00 ns, 190.0000 ns/op
OverheadActual   3: 1 op, 181.00 ns, 181.0000 ns/op
OverheadActual   4: 1 op, 180.00 ns, 180.0000 ns/op
OverheadActual   5: 1 op, 200.00 ns, 200.0000 ns/op
OverheadActual   6: 1 op, 180.00 ns, 180.0000 ns/op
OverheadActual   7: 1 op, 171.00 ns, 171.0000 ns/op
OverheadActual   8: 1 op, 180.00 ns, 180.0000 ns/op
OverheadActual   9: 1 op, 170.00 ns, 170.0000 ns/op
OverheadActual  10: 1 op, 291.00 ns, 291.0000 ns/op
OverheadActual  11: 1 op, 171.00 ns, 171.0000 ns/op
OverheadActual  12: 1 op, 170.00 ns, 170.0000 ns/op
OverheadActual  13: 1 op, 380.00 ns, 380.0000 ns/op
OverheadActual  14: 1 op, 170.00 ns, 170.0000 ns/op
OverheadActual  15: 1 op, 280.00 ns, 280.0000 ns/op
OverheadActual  16: 1 op, 180.00 ns, 180.0000 ns/op
OverheadActual  17: 1 op, 170.00 ns, 170.0000 ns/op
OverheadActual  18: 1 op, 180.00 ns, 180.0000 ns/op
OverheadActual  19: 1 op, 181.00 ns, 181.0000 ns/op
OverheadActual  20: 1 op, 170.00 ns, 170.0000 ns/op

WorkloadWarmup   1: 1 op, 7927911.00 ns, 7.9279 ms/op

// BeforeActualRun
WorkloadActual   1: 1 op, 7534752.00 ns, 7.5348 ms/op
WorkloadActual   2: 1 op, 6987021.00 ns, 6.9870 ms/op
WorkloadActual   3: 1 op, 7696164.00 ns, 7.6962 ms/op
WorkloadActual   4: 1 op, 7648312.00 ns, 7.6483 ms/op
WorkloadActual   5: 1 op, 7765117.00 ns, 7.7651 ms/op

// AfterActualRun
WorkloadResult   1: 1 op, 7534572.00 ns, 7.5346 ms/op
WorkloadResult   2: 1 op, 6986841.00 ns, 6.9868 ms/op
WorkloadResult   3: 1 op, 7695984.00 ns, 7.6960 ms/op
WorkloadResult   4: 1 op, 7648132.00 ns, 7.6481 ms/op
WorkloadResult   5: 1 op, 7764937.00 ns, 7.7649 ms/op
// GC:  0 0 0 827720 1
// Threading:  0 0 1

// AfterAll
// Benchmark Process 4532 has exited with code 0.

Mean = 7.526 ms, StdErr = 0.140 ms (1.86%), N = 5, StdDev = 0.313 ms
Min = 6.987 ms, Q1 = 7.535 ms, Median = 7.648 ms, Q3 = 7.696 ms, Max = 7.765 ms
IQR = 0.161 ms, LowerFence = 7.292 ms, UpperFence = 7.938 ms
ConfidenceInterval = [6.321 ms; 8.731 ms] (CI 99.9%), Margin = 1.205 ms (16.01% of Mean)
Skewness = -0.89, Kurtosis = 1.85, MValue = 2

// ** Remained 5 (62.5 %) benchmark(s) to run. Estimated finish 2026-04-19 10:40 (0h 0m from now) **
// **************************
// Benchmark: VersionedVsNonVersionedBenchmark.'Plain: Add + SaveChanges': .NET 10.0(Runtime=.NET 10.0, Toolchain=net10.0, IterationCount=1, LaunchCount=1, RunStrategy=ColdStart, UnrollFactor=1, WarmupCount=1) [AggregateCount=50, VersionsPerAggregate=10]
// *** Execute ***
// Launch: 1 / 1
// Execute: dotnet Bielu.EntityFramework.Extensions.Versioning.Benchmarks-Job-PSZTYW-1.dll --anonymousPipes 155 156 --benchmarkName "Bielu.EntityFramework.Extensions.Versioning.Benchmarks.VersionedVsNonVersionedBenchmark.Insert_Plain(AggregateCount: 50, VersionsPerAggregate: 10)" --job ".NET 10.0" --benchmarkId 3 in /home/runner/work/bielu.entityframework.extensions/bielu.entityframework.extensions/src/Bielu.EntityFramework.Extensions.Versioning.Benchmarks/bin/Release/net10.0/Bielu.EntityFramework.Extensions.Versioning.Benchmarks-Job-PSZTYW-1/bin/Release/net10.0
// Failed to set up high priority (Permission denied). In order to run benchmarks with high priority, make sure you have the right permissions.
// BeforeAnythingElse

// Benchmark Process Environment Information:
// BenchmarkDotNet v0.15.8
// Runtime=.NET 10.0.5 (10.0.5, 10.0.526.15411), X64 RyuJIT x86-64-v4
// GC=Concurrent Workstation
// HardwareIntrinsics=AVX512 BITALG+VBMI2+VNNI+VPOPCNTDQ,AVX512 IFMA+VBMI,AVX512 F+BW+CD+DQ+VL,AVX2+BMI1+BMI2+F16C+FMA+LZCNT+MOVBE,AVX,SSE3+SSSE3+SSE4.1+SSE4.2+POPCNT,X86Base+SSE+SSE2,AES+PCLMUL VectorSize=256
// Job: .NET 10.0(IterationCount=1, LaunchCount=1, RunStrategy=ColdStart, UnrollFactor=1, WarmupCount=1)

// BeforeActualRun
WorkloadActual   1: 1 op, 92114414.00 ns, 92.1144 ms/op

// AfterActualRun
WorkloadResult   1: 1 op, 92114414.00 ns, 92.1144 ms/op
// GC:  0 0 0 827744 1
// Threading:  0 0 1

// AfterAll
// Benchmark Process 4544 has exited with code 0.

Mean = 92.114 ms, StdErr = 0.000 ms (0.00%), N = 1, StdDev = 0.000 ms
Min = 92.114 ms, Q1 = 92.114 ms, Median = 92.114 ms, Q3 = 92.114 ms, Max = 92.114 ms
IQR = 0.000 ms, LowerFence = 92.114 ms, UpperFence = 92.114 ms
ConfidenceInterval = [NaN ms; NaN ms] (CI 99.9%), Margin = NaN ms (NaN% of Mean)
Skewness = NaN, Kurtosis = NaN, MValue = 2

// ** Remained 4 (50.0 %) benchmark(s) to run. Estimated finish 2026-04-19 10:40 (0h 0m from now) **
// **************************
// Benchmark: VersionedVsNonVersionedBenchmark.'Plain: Add + SaveChanges': Job-PSZTYW(InvocationCount=1, IterationCount=5, RunStrategy=Throughput, UnrollFactor=1, WarmupCount=1) [AggregateCount=200, VersionsPerAggregate=1]
// *** Execute ***
// Launch: 1 / 1
// Execute: dotnet Bielu.EntityFramework.Extensions.Versioning.Benchmarks-Job-PSZTYW-1.dll --anonymousPipes 155 156 --benchmarkName "Bielu.EntityFramework.Extensions.Versioning.Benchmarks.VersionedVsNonVersionedBenchmark.Insert_Plain(AggregateCount: 200, VersionsPerAggregate: 1)" --job "InvocationCount=1, IterationCount=5, RunStrategy=Throughput, UnrollFactor=1, WarmupCount=1" --benchmarkId 4 in /home/runner/work/bielu.entityframework.extensions/bielu.entityframework.extensions/src/Bielu.EntityFramework.Extensions.Versioning.Benchmarks/bin/Release/net10.0/Bielu.EntityFramework.Extensions.Versioning.Benchmarks-Job-PSZTYW-1/bin/Release/net10.0
// Failed to set up high priority (Permission denied). In order to run benchmarks with high priority, make sure you have the right permissions.
// BeforeAnythingElse

// Benchmark Process Environment Information:
// BenchmarkDotNet v0.15.8
// Runtime=.NET 10.0.5 (10.0.5, 10.0.526.15411), X64 RyuJIT x86-64-v4
// GC=Concurrent Workstation
// HardwareIntrinsics=AVX512 BITALG+VBMI2+VNNI+VPOPCNTDQ,AVX512 IFMA+VBMI,AVX512 F+BW+CD+DQ+VL,AVX2+BMI1+BMI2+F16C+FMA+LZCNT+MOVBE,AVX,SSE3+SSSE3+SSE4.1+SSE4.2+POPCNT,X86Base+SSE+SSE2,AES+PCLMUL VectorSize=256
// Job: Job-PSZTYW(InvocationCount=1, IterationCount=5, RunStrategy=Throughput, UnrollFactor=1, WarmupCount=1)

OverheadJitting  1: 1 op, 173099.00 ns, 173.0990 us/op
WorkloadJitting  1: 1 op, 143133737.00 ns, 143.1337 ms/op

OverheadWarmup   1: 1 op, 461.00 ns, 461.0000 ns/op
OverheadWarmup   2: 1 op, 190.00 ns, 190.0000 ns/op
OverheadWarmup   3: 1 op, 230.00 ns, 230.0000 ns/op
OverheadWarmup   4: 1 op, 450.00 ns, 450.0000 ns/op
OverheadWarmup   5: 1 op, 201.00 ns, 201.0000 ns/op
OverheadWarmup   6: 1 op, 210.00 ns, 210.0000 ns/op
OverheadWarmup   7: 1 op, 251.00 ns, 251.0000 ns/op
OverheadWarmup   8: 1 op, 190.00 ns, 190.0000 ns/op

OverheadActual   1: 1 op, 521.00 ns, 521.0000 ns/op
OverheadActual   2: 1 op, 200.00 ns, 200.0000 ns/op
OverheadActual   3: 1 op, 201.00 ns, 201.0000 ns/op
OverheadActual   4: 1 op, 181.00 ns, 181.0000 ns/op
OverheadActual   5: 1 op, 191.00 ns, 191.0000 ns/op
OverheadActual   6: 1 op, 171.00 ns, 171.0000 ns/op
OverheadActual   7: 1 op, 160.00 ns, 160.0000 ns/op
OverheadActual   8: 1 op, 180.00 ns, 180.0000 ns/op
OverheadActual   9: 1 op, 180.00 ns, 180.0000 ns/op
OverheadActual  10: 1 op, 2434.00 ns, 2.4340 us/op
OverheadActual  11: 1 op, 271.00 ns, 271.0000 ns/op
OverheadActual  12: 1 op, 2033.00 ns, 2.0330 us/op
OverheadActual  13: 1 op, 180.00 ns, 180.0000 ns/op
OverheadActual  14: 1 op, 170.00 ns, 170.0000 ns/op
OverheadActual  15: 1 op, 201.00 ns, 201.0000 ns/op
OverheadActual  16: 1 op, 261.00 ns, 261.0000 ns/op
OverheadActual  17: 1 op, 420.00 ns, 420.0000 ns/op
OverheadActual  18: 1 op, 190.00 ns, 190.0000 ns/op
OverheadActual  19: 1 op, 190.00 ns, 190.0000 ns/op
OverheadActual  20: 1 op, 180.00 ns, 180.0000 ns/op

WorkloadWarmup   1: 1 op, 59966492.00 ns, 59.9665 ms/op

// BeforeActualRun
WorkloadActual   1: 1 op, 59017569.00 ns, 59.0176 ms/op
WorkloadActual   2: 1 op, 54449217.00 ns, 54.4492 ms/op
WorkloadActual   3: 1 op, 133258728.00 ns, 133.2587 ms/op
WorkloadActual   4: 1 op, 76760367.00 ns, 76.7604 ms/op
WorkloadActual   5: 1 op, 38881050.00 ns, 38.8811 ms/op

// AfterActualRun
WorkloadResult   1: 1 op, 59017378.50 ns, 59.0174 ms/op
WorkloadResult   2: 1 op, 54449026.50 ns, 54.4490 ms/op
WorkloadResult   3: 1 op, 76760176.50 ns, 76.7602 ms/op
WorkloadResult   4: 1 op, 38880859.50 ns, 38.8809 ms/op
// GC:  0 0 0 7511120 1
// Threading:  0 0 1

// AfterAll
// Benchmark Process 4556 has exited with code 0.

Mean = 57.277 ms, StdErr = 7.794 ms (13.61%), N = 4, StdDev = 15.589 ms
Min = 38.881 ms, Q1 = 50.557 ms, Median = 56.733 ms, Q3 = 63.453 ms, Max = 76.760 ms
IQR = 12.896 ms, LowerFence = 31.213 ms, UpperFence = 82.797 ms
ConfidenceInterval = [-43.458 ms; 158.012 ms] (CI 99.9%), Margin = 100.735 ms (175.87% of Mean)
Skewness = 0.08, Kurtosis = 1.1, MValue = 2

// ** Remained 3 (37.5 %) benchmark(s) to run. Estimated finish 2026-04-19 10:40 (0h 0m from now) **
// **************************
// Benchmark: VersionedVsNonVersionedBenchmark.'Plain: Add + SaveChanges': .NET 10.0(Runtime=.NET 10.0, Toolchain=net10.0, IterationCount=1, LaunchCount=1, RunStrategy=ColdStart, UnrollFactor=1, WarmupCount=1) [AggregateCount=200, VersionsPerAggregate=1]
// *** Execute ***
// Launch: 1 / 1
// Execute: dotnet Bielu.EntityFramework.Extensions.Versioning.Benchmarks-Job-PSZTYW-1.dll --anonymousPipes 155 156 --benchmarkName "Bielu.EntityFramework.Extensions.Versioning.Benchmarks.VersionedVsNonVersionedBenchmark.Insert_Plain(AggregateCount: 200, VersionsPerAggregate: 1)" --job ".NET 10.0" --benchmarkId 5 in /home/runner/work/bielu.entityframework.extensions/bielu.entityframework.extensions/src/Bielu.EntityFramework.Extensions.Versioning.Benchmarks/bin/Release/net10.0/Bielu.EntityFramework.Extensions.Versioning.Benchmarks-Job-PSZTYW-1/bin/Release/net10.0
// Failed to set up high priority (Permission denied). In order to run benchmarks with high priority, make sure you have the right permissions.
// BeforeAnythingElse

// Benchmark Process Environment Information:
// BenchmarkDotNet v0.15.8
// Runtime=.NET 10.0.5 (10.0.5, 10.0.526.15411), X64 RyuJIT x86-64-v4
// GC=Concurrent Workstation
// HardwareIntrinsics=AVX512 BITALG+VBMI2+VNNI+VPOPCNTDQ,AVX512 IFMA+VBMI,AVX512 F+BW+CD+DQ+VL,AVX2+BMI1+BMI2+F16C+FMA+LZCNT+MOVBE,AVX,SSE3+SSSE3+SSE4.1+SSE4.2+POPCNT,X86Base+SSE+SSE2,AES+PCLMUL VectorSize=256
// Job: .NET 10.0(IterationCount=1, LaunchCount=1, RunStrategy=ColdStart, UnrollFactor=1, WarmupCount=1)

// BeforeActualRun
WorkloadActual   1: 1 op, 143778053.00 ns, 143.7781 ms/op

// AfterActualRun
WorkloadResult   1: 1 op, 143778053.00 ns, 143.7781 ms/op
// GC:  0 0 0 7511144 1
// Threading:  0 0 1

// AfterAll
// Benchmark Process 4570 has exited with code 0.

Mean = 143.778 ms, StdErr = 0.000 ms (0.00%), N = 1, StdDev = 0.000 ms
Min = 143.778 ms, Q1 = 143.778 ms, Median = 143.778 ms, Q3 = 143.778 ms, Max = 143.778 ms
IQR = 0.000 ms, LowerFence = 143.778 ms, UpperFence = 143.778 ms
ConfidenceInterval = [NaN ms; NaN ms] (CI 99.9%), Margin = NaN ms (NaN% of Mean)
Skewness = NaN, Kurtosis = NaN, MValue = 2

// ** Remained 2 (25.0 %) benchmark(s) to run. Estimated finish 2026-04-19 10:40 (0h 0m from now) **
// **************************
// Benchmark: VersionedVsNonVersionedBenchmark.'Plain: Add + SaveChanges': Job-PSZTYW(InvocationCount=1, IterationCount=5, RunStrategy=Throughput, UnrollFactor=1, WarmupCount=1) [AggregateCount=200, VersionsPerAggregate=10]
// *** Execute ***
// Launch: 1 / 1
// Execute: dotnet Bielu.EntityFramework.Extensions.Versioning.Benchmarks-Job-PSZTYW-1.dll --anonymousPipes 155 156 --benchmarkName "Bielu.EntityFramework.Extensions.Versioning.Benchmarks.VersionedVsNonVersionedBenchmark.Insert_Plain(AggregateCount: 200, VersionsPerAggregate: 10)" --job "InvocationCount=1, IterationCount=5, RunStrategy=Throughput, UnrollFactor=1, WarmupCount=1" --benchmarkId 6 in /home/runner/work/bielu.entityframework.extensions/bielu.entityframework.extensions/src/Bielu.EntityFramework.Extensions.Versioning.Benchmarks/bin/Release/net10.0/Bielu.EntityFramework.Extensions.Versioning.Benchmarks-Job-PSZTYW-1/bin/Release/net10.0
// Failed to set up high priority (Permission denied). In order to run benchmarks with high priority, make sure you have the right permissions.
// BeforeAnythingElse

// Benchmark Process Environment Information:
// BenchmarkDotNet v0.15.8
// Runtime=.NET 10.0.5 (10.0.5, 10.0.526.15411), X64 RyuJIT x86-64-v4
// GC=Concurrent Workstation
// HardwareIntrinsics=AVX512 BITALG+VBMI2+VNNI+VPOPCNTDQ,AVX512 IFMA+VBMI,AVX512 F+BW+CD+DQ+VL,AVX2+BMI1+BMI2+F16C+FMA+LZCNT+MOVBE,AVX,SSE3+SSSE3+SSE4.1+SSE4.2+POPCNT,X86Base+SSE+SSE2,AES+PCLMUL VectorSize=256
// Job: Job-PSZTYW(InvocationCount=1, IterationCount=5, RunStrategy=Throughput, UnrollFactor=1, WarmupCount=1)

OverheadJitting  1: 1 op, 144748.00 ns, 144.7480 us/op
WorkloadJitting  1: 1 op, 142965275.00 ns, 142.9653 ms/op

OverheadWarmup   1: 1 op, 330.00 ns, 330.0000 ns/op
OverheadWarmup   2: 1 op, 230.00 ns, 230.0000 ns/op
OverheadWarmup   3: 1 op, 2233.00 ns, 2.2330 us/op
OverheadWarmup   4: 1 op, 191.00 ns, 191.0000 ns/op
OverheadWarmup   5: 1 op, 581.00 ns, 581.0000 ns/op
OverheadWarmup   6: 1 op, 181.00 ns, 181.0000 ns/op

OverheadActual   1: 1 op, 281.00 ns, 281.0000 ns/op
OverheadActual   2: 1 op, 231.00 ns, 231.0000 ns/op
OverheadActual   3: 1 op, 261.00 ns, 261.0000 ns/op
OverheadActual   4: 1 op, 811.00 ns, 811.0000 ns/op
OverheadActual   5: 1 op, 431.00 ns, 431.0000 ns/op
OverheadActual   6: 1 op, 180.00 ns, 180.0000 ns/op
OverheadActual   7: 1 op, 191.00 ns, 191.0000 ns/op
OverheadActual   8: 1 op, 210.00 ns, 210.0000 ns/op
OverheadActual   9: 1 op, 170.00 ns, 170.0000 ns/op
OverheadActual  10: 1 op, 191.00 ns, 191.0000 ns/op
OverheadActual  11: 1 op, 181.00 ns, 181.0000 ns/op
OverheadActual  12: 1 op, 171.00 ns, 171.0000 ns/op
OverheadActual  13: 1 op, 200.00 ns, 200.0000 ns/op
OverheadActual  14: 1 op, 160.00 ns, 160.0000 ns/op
OverheadActual  15: 1 op, 160.00 ns, 160.0000 ns/op
OverheadActual  16: 1 op, 160.00 ns, 160.0000 ns/op
OverheadActual  17: 1 op, 160.00 ns, 160.0000 ns/op
OverheadActual  18: 1 op, 190.00 ns, 190.0000 ns/op
OverheadActual  19: 1 op, 181.00 ns, 181.0000 ns/op
OverheadActual  20: 1 op, 151.00 ns, 151.0000 ns/op

WorkloadWarmup   1: 1 op, 60772791.00 ns, 60.7728 ms/op

// BeforeActualRun
WorkloadActual   1: 1 op, 57635686.00 ns, 57.6357 ms/op
WorkloadActual   2: 1 op, 54518521.00 ns, 54.5185 ms/op
WorkloadActual   3: 1 op, 141891474.00 ns, 141.8915 ms/op
WorkloadActual   4: 1 op, 132329294.00 ns, 132.3293 ms/op
WorkloadActual   5: 1 op, 87170029.00 ns, 87.1700 ms/op

// AfterActualRun
WorkloadResult   1: 1 op, 57635500.50 ns, 57.6355 ms/op
WorkloadResult   2: 1 op, 54518335.50 ns, 54.5183 ms/op
WorkloadResult   3: 1 op, 141891288.50 ns, 141.8913 ms/op
WorkloadResult   4: 1 op, 132329108.50 ns, 132.3291 ms/op
WorkloadResult   5: 1 op, 87169843.50 ns, 87.1698 ms/op
// GC:  0 0 0 7511120 1
// Threading:  0 0 1

// AfterAll
// Benchmark Process 4582 has exited with code 0.

Mean = 94.709 ms, StdErr = 18.287 ms (19.31%), N = 5, StdDev = 40.890 ms
Min = 54.518 ms, Q1 = 57.636 ms, Median = 87.170 ms, Q3 = 132.329 ms, Max = 141.891 ms
IQR = 74.694 ms, LowerFence = -54.405 ms, UpperFence = 244.370 ms
ConfidenceInterval = [-62.745 ms; 252.162 ms] (CI 99.9%), Margin = 157.453 ms (166.25% of Mean)
Skewness = 0.12, Kurtosis = 0.82, MValue = 2

// ** Remained 1 (12.5 %) benchmark(s) to run. Estimated finish 2026-04-19 10:40 (0h 0m from now) **
// **************************
// Benchmark: VersionedVsNonVersionedBenchmark.'Plain: Add + SaveChanges': .NET 10.0(Runtime=.NET 10.0, Toolchain=net10.0, IterationCount=1, LaunchCount=1, RunStrategy=ColdStart, UnrollFactor=1, WarmupCount=1) [AggregateCount=200, VersionsPerAggregate=10]
// *** Execute ***
// Launch: 1 / 1
// Execute: dotnet Bielu.EntityFramework.Extensions.Versioning.Benchmarks-Job-PSZTYW-1.dll --anonymousPipes 155 156 --benchmarkName "Bielu.EntityFramework.Extensions.Versioning.Benchmarks.VersionedVsNonVersionedBenchmark.Insert_Plain(AggregateCount: 200, VersionsPerAggregate: 10)" --job ".NET 10.0" --benchmarkId 7 in /home/runner/work/bielu.entityframework.extensions/bielu.entityframework.extensions/src/Bielu.EntityFramework.Extensions.Versioning.Benchmarks/bin/Release/net10.0/Bielu.EntityFramework.Extensions.Versioning.Benchmarks-Job-PSZTYW-1/bin/Release/net10.0
// Failed to set up high priority (Permission denied). In order to run benchmarks with high priority, make sure you have the right permissions.
// BeforeAnythingElse

// Benchmark Process Environment Information:
// BenchmarkDotNet v0.15.8
// Runtime=.NET 10.0.5 (10.0.5, 10.0.526.15411), X64 RyuJIT x86-64-v4
// GC=Concurrent Workstation
// HardwareIntrinsics=AVX512 BITALG+VBMI2+VNNI+VPOPCNTDQ,AVX512 IFMA+VBMI,AVX512 F+BW+CD+DQ+VL,AVX2+BMI1+BMI2+F16C+FMA+LZCNT+MOVBE,AVX,SSE3+SSSE3+SSE4.1+SSE4.2+POPCNT,X86Base+SSE+SSE2,AES+PCLMUL VectorSize=256
// Job: .NET 10.0(IterationCount=1, LaunchCount=1, RunStrategy=ColdStart, UnrollFactor=1, WarmupCount=1)

// BeforeActualRun
WorkloadActual   1: 1 op, 144435770.00 ns, 144.4358 ms/op

// AfterActualRun
WorkloadResult   1: 1 op, 144435770.00 ns, 144.4358 ms/op
// GC:  0 0 0 7511144 1
// Threading:  0 0 1

// AfterAll
// Benchmark Process 4596 has exited with code 0.

Mean = 144.436 ms, StdErr = 0.000 ms (0.00%), N = 1, StdDev = 0.000 ms
Min = 144.436 ms, Q1 = 144.436 ms, Median = 144.436 ms, Q3 = 144.436 ms, Max = 144.436 ms
IQR = 0.000 ms, LowerFence = 144.436 ms, UpperFence = 144.436 ms
ConfidenceInterval = [NaN ms; NaN ms] (CI 99.9%), Margin = NaN ms (NaN% of Mean)
Skewness = NaN, Kurtosis = NaN, MValue = 2

// ** Remained 0 (0.0 %) benchmark(s) to run. Estimated finish 2026-04-19 10:40 (0h 0m from now) **
// ***** BenchmarkRunner: Finish  *****

// * Export *

// * Detailed results *
VersionedVsNonVersionedBenchmark.'Plain: Add + SaveChanges': Job-PSZTYW(InvocationCount=1, IterationCount=5, RunStrategy=Throughput, UnrollFactor=1, WarmupCount=1) [AggregateCount=50, VersionsPerAggregate=1]
Runtime = .NET 10.0.5 (10.0.5, 10.0.526.15411), X64 RyuJIT x86-64-v4; GC = Concurrent Workstation
Mean = 7.666 ms, StdErr = 0.162 ms (2.12%), N = 4, StdDev = 0.324 ms
Min = 7.180 ms, Q1 = 7.659 ms, Median = 7.820 ms, Q3 = 7.827 ms, Max = 7.846 ms
IQR = 0.168 ms, LowerFence = 7.407 ms, UpperFence = 8.079 ms
ConfidenceInterval = [5.571 ms; 9.762 ms] (CI 99.9%), Margin = 2.096 ms (27.34% of Mean)
Skewness = -0.75, Kurtosis = 1.31, MValue = 2
-------------------- Histogram --------------------
[6.912 ms ; 7.564 ms) | @
[7.564 ms ; 8.114 ms) | @@@
---------------------------------------------------

VersionedVsNonVersionedBenchmark.'Plain: Add + SaveChanges': .NET 10.0(Runtime=.NET 10.0, Toolchain=net10.0, IterationCount=1, LaunchCount=1, RunStrategy=ColdStart, UnrollFactor=1, WarmupCount=1) [AggregateCount=50, VersionsPerAggregate=1]
Runtime = .NET 10.0.5 (10.0.5, 10.0.526.15411), X64 RyuJIT x86-64-v4; GC = Concurrent Workstation
Mean = 90.117 ms, StdErr = 0.000 ms (0.00%), N = 1, StdDev = 0.000 ms
Min = 90.117 ms, Q1 = 90.117 ms, Median = 90.117 ms, Q3 = 90.117 ms, Max = 90.117 ms
IQR = 0.000 ms, LowerFence = 90.117 ms, UpperFence = 90.117 ms
ConfidenceInterval = [NaN ms; NaN ms] (CI 99.9%), Margin = NaN ms (NaN% of Mean)
Skewness = NaN, Kurtosis = NaN, MValue = 2
-------------------- Histogram --------------------
[90.117 ms ; 90.117 ms) | @
---------------------------------------------------

VersionedVsNonVersionedBenchmark.'Plain: Add + SaveChanges': Job-PSZTYW(InvocationCount=1, IterationCount=5, RunStrategy=Throughput, UnrollFactor=1, WarmupCount=1) [AggregateCount=50, VersionsPerAggregate=10]
Runtime = .NET 10.0.5 (10.0.5, 10.0.526.15411), X64 RyuJIT x86-64-v4; GC = Concurrent Workstation
Mean = 7.526 ms, StdErr = 0.140 ms (1.86%), N = 5, StdDev = 0.313 ms
Min = 6.987 ms, Q1 = 7.535 ms, Median = 7.648 ms, Q3 = 7.696 ms, Max = 7.765 ms
IQR = 0.161 ms, LowerFence = 7.292 ms, UpperFence = 7.938 ms
ConfidenceInterval = [6.321 ms; 8.731 ms] (CI 99.9%), Margin = 1.205 ms (16.01% of Mean)
Skewness = -0.89, Kurtosis = 1.85, MValue = 2
-------------------- Histogram --------------------
[6.747 ms ; 7.227 ms) | @
[7.227 ms ; 7.410 ms) | 
[7.410 ms ; 7.890 ms) | @@@@
---------------------------------------------------

VersionedVsNonVersionedBenchmark.'Plain: Add + SaveChanges': .NET 10.0(Runtime=.NET 10.0, Toolchain=net10.0, IterationCount=1, LaunchCount=1, RunStrategy=ColdStart, UnrollFactor=1, WarmupCount=1) [AggregateCount=50, VersionsPerAggregate=10]
Runtime = .NET 10.0.5 (10.0.5, 10.0.526.15411), X64 RyuJIT x86-64-v4; GC = Concurrent Workstation
Mean = 92.114 ms, StdErr = 0.000 ms (0.00%), N = 1, StdDev = 0.000 ms
Min = 92.114 ms, Q1 = 92.114 ms, Median = 92.114 ms, Q3 = 92.114 ms, Max = 92.114 ms
IQR = 0.000 ms, LowerFence = 92.114 ms, UpperFence = 92.114 ms
ConfidenceInterval = [NaN ms; NaN ms] (CI 99.9%), Margin = NaN ms (NaN% of Mean)
Skewness = NaN, Kurtosis = NaN, MValue = 2
-------------------- Histogram --------------------
[92.114 ms ; 92.114 ms) | @
---------------------------------------------------

VersionedVsNonVersionedBenchmark.'Plain: Add + SaveChanges': Job-PSZTYW(InvocationCount=1, IterationCount=5, RunStrategy=Throughput, UnrollFactor=1, WarmupCount=1) [AggregateCount=200, VersionsPerAggregate=1]
Runtime = .NET 10.0.5 (10.0.5, 10.0.526.15411), X64 RyuJIT x86-64-v4; GC = Concurrent Workstation
Mean = 57.277 ms, StdErr = 7.794 ms (13.61%), N = 4, StdDev = 15.589 ms
Min = 38.881 ms, Q1 = 50.557 ms, Median = 56.733 ms, Q3 = 63.453 ms, Max = 76.760 ms
IQR = 12.896 ms, LowerFence = 31.213 ms, UpperFence = 82.797 ms
ConfidenceInterval = [-43.458 ms; 158.012 ms] (CI 99.9%), Margin = 100.735 ms (175.87% of Mean)
Skewness = 0.08, Kurtosis = 1.1, MValue = 2
-------------------- Histogram --------------------
[36.060 ms ; 61.838 ms) | @@@
[61.838 ms ; 89.649 ms) | @
---------------------------------------------------

VersionedVsNonVersionedBenchmark.'Plain: Add + SaveChanges': .NET 10.0(Runtime=.NET 10.0, Toolchain=net10.0, IterationCount=1, LaunchCount=1, RunStrategy=ColdStart, UnrollFactor=1, WarmupCount=1) [AggregateCount=200, VersionsPerAggregate=1]
Runtime = .NET 10.0.5 (10.0.5, 10.0.526.15411), X64 RyuJIT x86-64-v4; GC = Concurrent Workstation
Mean = 143.778 ms, StdErr = 0.000 ms (0.00%), N = 1, StdDev = 0.000 ms
Min = 143.778 ms, Q1 = 143.778 ms, Median = 143.778 ms, Q3 = 143.778 ms, Max = 143.778 ms
IQR = 0.000 ms, LowerFence = 143.778 ms, UpperFence = 143.778 ms
ConfidenceInterval = [NaN ms; NaN ms] (CI 99.9%), Margin = NaN ms (NaN% of Mean)
Skewness = NaN, Kurtosis = NaN, MValue = 2
-------------------- Histogram --------------------
[143.778 ms ; 143.778 ms) | @
---------------------------------------------------

VersionedVsNonVersionedBenchmark.'Plain: Add + SaveChanges': Job-PSZTYW(InvocationCount=1, IterationCount=5, RunStrategy=Throughput, UnrollFactor=1, WarmupCount=1) [AggregateCount=200, VersionsPerAggregate=10]
Runtime = .NET 10.0.5 (10.0.5, 10.0.526.15411), X64 RyuJIT x86-64-v4; GC = Concurrent Workstation
Mean = 94.709 ms, StdErr = 18.287 ms (19.31%), N = 5, StdDev = 40.890 ms
Min = 54.518 ms, Q1 = 57.636 ms, Median = 87.170 ms, Q3 = 132.329 ms, Max = 141.891 ms
IQR = 74.694 ms, LowerFence = -54.405 ms, UpperFence = 244.370 ms
ConfidenceInterval = [-62.745 ms; 252.162 ms] (CI 99.9%), Margin = 157.453 ms (166.25% of Mean)
Skewness = 0.12, Kurtosis = 0.82, MValue = 2
-------------------- Histogram --------------------
[ 39.459 ms ; 102.230 ms) | @@@
[102.230 ms ; 173.277 ms) | @@
---------------------------------------------------

VersionedVsNonVersionedBenchmark.'Plain: Add + SaveChanges': .NET 10.0(Runtime=.NET 10.0, Toolchain=net10.0, IterationCount=1, LaunchCount=1, RunStrategy=ColdStart, UnrollFactor=1, WarmupCount=1) [AggregateCount=200, VersionsPerAggregate=10]
Runtime = .NET 10.0.5 (10.0.5, 10.0.526.15411), X64 RyuJIT x86-64-v4; GC = Concurrent Workstation
Mean = 144.436 ms, StdErr = 0.000 ms (0.00%), N = 1, StdDev = 0.000 ms
Min = 144.436 ms, Q1 = 144.436 ms, Median = 144.436 ms, Q3 = 144.436 ms, Max = 144.436 ms
IQR = 0.000 ms, LowerFence = 144.436 ms, UpperFence = 144.436 ms
ConfidenceInterval = [NaN ms; NaN ms] (CI 99.9%), Margin = NaN ms (NaN% of Mean)
Skewness = NaN, Kurtosis = NaN, MValue = 2
-------------------- Histogram --------------------
[144.436 ms ; 144.436 ms) | @
---------------------------------------------------

// * Summary *

BenchmarkDotNet v0.15.8, Linux Ubuntu 24.04.4 LTS (Noble Numbat)
AMD EPYC 9V74 3.69GHz, 1 CPU, 4 logical and 2 physical cores
.NET SDK 10.0.201
  [Host]     : .NET 10.0.5 (10.0.5, 10.0.526.15411), X64 RyuJIT x86-64-v4
  Job-PSZTYW : .NET 10.0.5 (10.0.5, 10.0.526.15411), X64 RyuJIT x86-64-v4
  .NET 10.0  : .NET 10.0.5 (10.0.5, 10.0.526.15411), X64 RyuJIT x86-64-v4

Runtime=.NET 10.0  UnrollFactor=1  WarmupCount=1  
Categories=Insert  

| Method                     | Job        | Toolchain | InvocationCount | IterationCount | LaunchCount | RunStrategy | AggregateCount | VersionsPerAggregate | Mean       | Error      | StdDev     | Min        | Max        | Median     | Ratio | RatioSD | Allocated  | Alloc Ratio |
|--------------------------- |----------- |---------- |---------------- |--------------- |------------ |------------ |--------------- |--------------------- |-----------:|-----------:|-----------:|-----------:|-----------:|-----------:|------:|--------:|-----------:|------------:|
| 'Plain: Add + SaveChanges' | Job-PSZTYW | Default   | 1               | 5              | Default     | Throughput  | 50             | 1                    |   7.666 ms |   2.096 ms |  0.3243 ms |   7.180 ms |   7.846 ms |   7.820 ms |  1.00 |    0.05 |  808.32 KB |        1.00 |
|                            |            |           |                 |                |             |             |                |                      |            |            |            |            |            |            |       |         |            |             |
| 'Plain: Add + SaveChanges' | .NET 10.0  | net10.0   | Default         | 1              | 1           | ColdStart   | 50             | 1                    |  90.117 ms |         NA |  0.0000 ms |  90.117 ms |  90.117 ms |  90.117 ms |  1.00 |    0.00 |  808.34 KB |        1.00 |
|                            |            |           |                 |                |             |             |                |                      |            |            |            |            |            |            |       |         |            |             |
| 'Plain: Add + SaveChanges' | Job-PSZTYW | Default   | 1               | 5              | Default     | Throughput  | 50             | 10                   |   7.526 ms |   1.205 ms |  0.3129 ms |   6.987 ms |   7.765 ms |   7.648 ms |  1.00 |    0.06 |  808.32 KB |        1.00 |
|                            |            |           |                 |                |             |             |                |                      |            |            |            |            |            |            |       |         |            |             |
| 'Plain: Add + SaveChanges' | .NET 10.0  | net10.0   | Default         | 1              | 1           | ColdStart   | 50             | 10                   |  92.114 ms |         NA |  0.0000 ms |  92.114 ms |  92.114 ms |  92.114 ms |  1.00 |    0.00 |  808.34 KB |        1.00 |
|                            |            |           |                 |                |             |             |                |                      |            |            |            |            |            |            |       |         |            |             |
| 'Plain: Add + SaveChanges' | Job-PSZTYW | Default   | 1               | 5              | Default     | Throughput  | 200            | 1                    |  57.277 ms | 100.735 ms | 15.5889 ms |  38.881 ms |  76.760 ms |  56.733 ms |  1.06 |    0.38 | 7335.08 KB |        1.00 |
|                            |            |           |                 |                |             |             |                |                      |            |            |            |            |            |            |       |         |            |             |
| 'Plain: Add + SaveChanges' | .NET 10.0  | net10.0   | Default         | 1              | 1           | ColdStart   | 200            | 1                    | 143.778 ms |         NA |  0.0000 ms | 143.778 ms | 143.778 ms | 143.778 ms |  1.00 |    0.00 |  7335.1 KB |        1.00 |
|                            |            |           |                 |                |             |             |                |                      |            |            |            |            |            |            |       |         |            |             |
| 'Plain: Add + SaveChanges' | Job-PSZTYW | Default   | 1               | 5              | Default     | Throughput  | 200            | 10                   |  94.709 ms | 157.453 ms | 40.8901 ms |  54.518 ms | 141.891 ms |  87.170 ms |  1.17 |    0.67 | 7335.08 KB |        1.00 |
|                            |            |           |                 |                |             |             |                |                      |            |            |            |            |            |            |       |         |            |             |
| 'Plain: Add + SaveChanges' | .NET 10.0  | net10.0   | Default         | 1              | 1           | ColdStart   | 200            | 10                   | 144.436 ms |         NA |  0.0000 ms | 144.436 ms | 144.436 ms | 144.436 ms |  1.00 |    0.00 |  7335.1 KB |        1.00 |

// * Legends *
  AggregateCount       : Value of the 'AggregateCount' parameter
  VersionsPerAggregate : Value of the 'VersionsPerAggregate' parameter
  Mean                 : Arithmetic mean of all measurements
  Error                : Half of 99.9% confidence interval
  StdDev               : Standard deviation of all measurements
  Min                  : Minimum
  Max                  : Maximum
  Median               : Value separating the higher half of all measurements (50th percentile)
  Ratio                : Mean of the ratio distribution ([Current]/[Baseline])
  RatioSD              : Standard deviation of the ratio distribution ([Current]/[Baseline])
  Allocated            : Allocated memory per single operation (managed only, inclusive, 1KB = 1024B)
  Alloc Ratio          : Allocated memory ratio distribution ([Current]/[Baseline])
  1 ms                 : 1 Millisecond (0.001 sec)

// * Diagnostic Output - MemoryDiagnoser *


// ***** BenchmarkRunner: End *****
Run time: 00:00:09 (9.17 sec), executed benchmarks: 8

Global total time: 00:00:22 (22.16 sec), executed benchmarks: 8
// * Artifacts cleanup *
Artifacts cleanup is finished
